95.160.15.155 - - [16/Jul/2014:23:36:14 +0200] "GET / HTTP/1.1" 200 2337 "-" "Mozilla/5.0 (Windows NT 6.3; WOW64) AppleWebKit/537.36 (KHTML, like Gecko) Chrome/35.0.1916.153 Safari/537.36"
95.160.15.155 - - [16/Jul/2014:23:36:15 +0200] "GET /cobrands/default/layout.css?1405542677 HTTP/1.1" 200 4884 "http://vps82673.ovh.net/" "Mozilla/5.0 (Windows NT 6.3; WOW64) AppleWebKit/537.36 (KHTML, like Gecko) Chrome/35.0.1916.153 Safari/537.36"
95.160.15.155 - - [16/Jul/2014:23:36:15 +0200] "GET /js/modernizr.custom.js?1405542555 HTTP/1.1" 200 3680 "http://vps82673.ovh.net/" "Mozilla/5.0 (Windows NT 6.3; WOW64) AppleWebKit/537.36 (KHTML, like Gecko) Chrome/35.0.1916.153 Safari/537.36"
95.160.15.155 - - [16/Jul/2014:23:36:15 +0200] "GET /cobrands/default/base.css?1405542676 HTTP/1.1" 200 18193 "http://vps82673.ovh.net/" "Mozilla/5.0 (Windows NT 6.3; WOW64) AppleWebKit/537.36 (KHTML, like Gecko) Chrome/35.0.1916.153 Safari/537.36"
95.160.15.155 - - [16/Jul/2014:23:36:15 +0200] "GET /cobrands/fixmystreet/position_map.js?1405542555 HTTP/1.1" 200 291 "http://vps82673.ovh.net/" "Mozilla/5.0 (Windows NT 6.3; WOW64) AppleWebKit/537.36 (KHTML, like Gecko) Chrome/35.0.1916.153 Safari/537.36"
95.160.15.155 - - [16/Jul/2014:23:36:15 +0200] "GET /js/jquery.validate.min.js?1405542555 HTTP/1.1" 200 7468 "http://vps82673.ovh.net/" "Mozilla/5.0 (Windows NT 6.3; WOW64) AppleWebKit/537.36 (KHTML, like Gecko) Chrome/35.0.1916.153 Safari/537.36"
95.160.15.155 - - [16/Jul/2014:23:36:15 +0200] "GET /js/fixmystreet.js?1405542555 HTTP/1.1" 200 2838 "http://vps82673.ovh.net/" "Mozilla/5.0 (Windows NT 6.3; WOW64) AppleWebKit/537.36 (KHTML, like Gecko) Chrome/35.0.1916.153 Safari/537.36"
95.160.15.155 - - [16/Jul/2014:23:36:15 +0200] "GET /js/geo.min.js?1405542555 HTTP/1.1" 200 1510 "http://vps82673.ovh.net/" "Mozilla/5.0 (Windows NT 6.3; WOW64) AppleWebKit/537.36 (KHTML, like Gecko) Chrome/35.0.1916.153 Safari/537.36"
95.160.15.155 - - [16/Jul/2014:23:36:15 +0200] "GET /js/translation_strings.en-gb.js?390429 HTTP/1.1" 200 632 "http://vps82673.ovh.net/" "Mozilla/5.0 (Windows NT 6.3; WOW64) AppleWebKit/537.36 (KHTML, like Gecko) Chrome/35.0.1916.153 Safari/537.36"
95.160.15.155 - - [16/Jul/2014:23:36:15 +0200] "GET /cobrands/fixmystreet/fixmystreet.js?1405542555 HTTP/1.1" 200 5784 "http://vps82673.ovh.net/" "Mozilla/5.0 (Windows NT 6.3; WOW64) AppleWebKit/537.36 (KHTML, like Gecko) Chrome/35.0.1916.153 Safari/537.36"
95.160.15.155 - - [16/Jul/2014:23:36:15 +0200] "GET /cobrands/fixmystreet/images/itunes_store_logo.png HTTP/1.1" 200 3394 "http://vps82673.ovh.net/" "Mozilla/5.0 (Windows NT 6.3; WOW64) AppleWebKit/537.36 (KHTML, like Gecko) Chrome/35.0.1916.153 Safari/537.36"
95.160.15.155 - - [16/Jul/2014:23:36:15 +0200] "GET /jslib/jquery-1.7.2.min.js HTTP/1.1" 200 39005 "http://vps82673.ovh.net/" "Mozilla/5.0 (Windows NT 6.3; WOW64) AppleWebKit/537.36 (KHTML, like Gecko) Chrome/35.0.1916.153 Safari/537.36"
95.160.15.155 - - [16/Jul/2014:23:36:15 +0200] "GET /js/validation_rules.js?390429 HTTP/1.1" 200 107 "http://vps82673.ovh.net/" "Mozilla/5.0 (Windows NT 6.3; WOW64) AppleWebKit/537.36 (KHTML, like Gecko) Chrome/35.0.1916.153 Safari/537.36"
95.160.15.155 - - [16/Jul/2014:23:36:15 +0200] "GET /cobrands/fixmystreet/images/google_play_logo.png HTTP/1.1" 200 8913 "http://vps82673.ovh.net/" "Mozilla/5.0 (Windows NT 6.3; WOW64) AppleWebKit/537.36 (KHTML, like Gecko) Chrome/35.0.1916.153 Safari/537.36"
95.160.15.155 - - [16/Jul/2014:23:36:15 +0200] "GET /js/map-bing-ol.js?1405542555 HTTP/1.1" 200 2139 "http://vps82673.ovh.net/" "Mozilla/5.0 (Windows NT 6.3; WOW64) AppleWebKit/537.36 (KHTML, like Gecko) Chrome/35.0.1916.153 Safari/537.36"
95.160.15.155 - - [16/Jul/2014:23:36:15 +0200] "GET /js/jquery.ba-hashchange.min.js?1405542555 HTTP/1.1" 200 876 "http://vps82673.ovh.net/" "Mozilla/5.0 (Windows NT 6.3; WOW64) AppleWebKit/537.36 (KHTML, like Gecko) Chrome/35.0.1916.153 Safari/537.36"
95.160.15.155 - - [16/Jul/2014:23:36:15 +0200] "GET /js/map-OpenLayers.js?1405542555 HTTP/1.1" 200 7425 "http://vps82673.ovh.net/" "Mozilla/5.0 (Windows NT 6.3; WOW64) AppleWebKit/537.36 (KHTML, like Gecko) Chrome/35.0.1916.153 Safari/537.36"
95.160.15.155 - - [16/Jul/2014:23:36:15 +0200] "GET /i/pin-green.png HTTP/1.1" 200 1316 "http://vps82673.ovh.net/" "Mozilla/5.0 (Windows NT 6.3; WOW64) AppleWebKit/537.36 (KHTML, like Gecko) Chrome/35.0.1916.153 Safari/537.36"
95.160.15.155 - - [16/Jul/2014:23:36:15 +0200] "GET /js/OpenLayers.fixmystreet.js?1405542555 HTTP/1.1" 200 94614 "http://vps82673.ovh.net/" "Mozilla/5.0 (Windows NT 6.3; WOW64) AppleWebKit/537.36 (KHTML, like Gecko) Chrome/35.0.1916.153 Safari/537.36"
95.160.15.155 - - [16/Jul/2014:23:36:15 +0200] "GET /cobrands/fixmystreet/images/sprite.png HTTP/1.1" 200 97274 "http://vps82673.ovh.net/" "Mozilla/5.0 (Windows NT 6.3; WOW64) AppleWebKit/537.36 (KHTML, like Gecko) Chrome/35.0.1916.153 Safari/537.36"
95.160.15.155 - - [16/Jul/2014:23:36:24 +0200] "GET /around?pc=da HTTP/1.1" 200 2340 "http://vps82673.ovh.net/" "Mozilla/5.0 (Windows NT 6.3; WOW64) AppleWebKit/537.36 (KHTML, like Gecko) Chrome/35.0.1916.153 Safari/537.36"
95.160.15.155 - - [16/Jul/2014:23:36:25 +0200] "GET /js/validation_rules.js?390429 HTTP/1.1" 200 107 "http://vps82673.ovh.net/around?pc=da" "Mozilla/5.0 (Windows NT 6.3; WOW64) AppleWebKit/537.36 (KHTML, like Gecko) Chrome/35.0.1916.153 Safari/537.36"
95.160.15.155 - - [16/Jul/2014:23:36:25 +0200] "GET /js/translation_strings.en-gb.js?390429 HTTP/1.1" 200 632 "http://vps82673.ovh.net/around?pc=da" "Mozilla/5.0 (Windows NT 6.3; WOW64) AppleWebKit/537.36 (KHTML, like Gecko) Chrome/35.0.1916.153 Safari/537.36"
95.160.15.155 - - [16/Jul/2014:23:36:35 +0200] "GET /around?pc=zalesie+g%C3%B3rne%2C+polska HTTP/1.1" 200 1882 "http://vps82673.ovh.net/around?pc=da" "Mozilla/5.0 (Windows NT 6.3; WOW64) AppleWebKit/537.36 (KHTML, like Gecko) Chrome/35.0.1916.153 Safari/537.36"
95.160.15.155 - - [16/Jul/2014:23:36:35 +0200] "GET /js/validation_rules.js?390429 HTTP/1.1" 200 107 "http://vps82673.ovh.net/around?pc=zalesie+g%C3%B3rne%2C+polska" "Mozilla/5.0 (Windows NT 6.3; WOW64) AppleWebKit/537.36 (KHTML, like Gecko) Chrome/35.0.1916.153 Safari/537.36"
95.160.15.155 - - [16/Jul/2014:23:36:35 +0200] "GET /js/translation_strings.en-gb.js?390429 HTTP/1.1" 200 632 "http://vps82673.ovh.net/around?pc=zalesie+g%C3%B3rne%2C+polska" "Mozilla/5.0 (Windows NT 6.3; WOW64) AppleWebKit/537.36 (KHTML, like Gecko) Chrome/35.0.1916.153 Safari/537.36"
92.222.172.226 - - [16/Jul/2014:23:36:38 +0200] "GET /fakemapit/point/4326/21.032242,52.026363?type=ZZZ HTTP/1.1" 200 51 "-" "MaPit.pm web service client"
95.160.15.155 - - [16/Jul/2014:23:36:39 +0200] "GET /around?latitude=52.026363;longitude=21.032242 HTTP/1.1" 200 4515 "http://vps82673.ovh.net/around?pc=zalesie+g%C3%B3rne%2C+polska" "Mozilla/5.0 (Windows NT 6.3; WOW64) AppleWebKit/537.36 (KHTML, like Gecko) Chrome/35.0.1916.153 Safari/537.36"
95.160.15.155 - - [16/Jul/2014:23:36:39 +0200] "GET /js/map-OpenStreetMap.js?1405542555 HTTP/1.1" 200 912 "http://vps82673.ovh.net/around?latitude=52.026363;longitude=21.032242" "Mozilla/5.0 (Windows NT 6.3; WOW64) AppleWebKit/537.36 (KHTML, like Gecko) Chrome/35.0.1916.153 Safari/537.36"
95.160.15.155 - - [16/Jul/2014:23:36:39 +0200] "GET /js/validation_rules.js?390429 HTTP/1.1" 200 107 "http://vps82673.ovh.net/around?latitude=52.026363;longitude=21.032242" "Mozilla/5.0 (Windows NT 6.3; WOW64) AppleWebKit/537.36 (KHTML, like Gecko) Chrome/35.0.1916.153 Safari/537.36"
95.160.15.155 - - [16/Jul/2014:23:36:39 +0200] "GET /js/translation_strings.en-gb.js?390429 HTTP/1.1" 200 632 "http://vps82673.ovh.net/around?latitude=52.026363;longitude=21.032242" "Mozilla/5.0 (Windows NT 6.3; WOW64) AppleWebKit/537.36 (KHTML, like Gecko) Chrome/35.0.1916.153 Safari/537.36"
95.160.15.155 - - [16/Jul/2014:23:36:39 +0200] "GET /js/OpenLayers-2.13.1/theme/default/style.css HTTP/1.1" 200 3044 "http://vps82673.ovh.net/around?latitude=52.026363;longitude=21.032242" "Mozilla/5.0 (Windows NT 6.3; WOW64) AppleWebKit/537.36 (KHTML, like Gecko) Chrome/35.0.1916.153 Safari/537.36"
95.160.15.155 - - [16/Jul/2014:23:36:39 +0200] "GET /js/OpenLayers-2.13.1/img/north-mini.png HTTP/1.1" 200 378 "http://vps82673.ovh.net/around?latitude=52.026363;longitude=21.032242" "Mozilla/5.0 (Windows NT 6.3; WOW64) AppleWebKit/537.36 (KHTML, like Gecko) Chrome/35.0.1916.153 Safari/537.36"
95.160.15.155 - - [16/Jul/2014:23:36:39 +0200] "GET /js/OpenLayers-2.13.1/img/south-mini.png HTTP/1.1" 200 373 "http://vps82673.ovh.net/around?latitude=52.026363;longitude=21.032242" "Mozilla/5.0 (Windows NT 6.3; WOW64) AppleWebKit/537.36 (KHTML, like Gecko) Chrome/35.0.1916.153 Safari/537.36"
95.160.15.155 - - [16/Jul/2014:23:36:39 +0200] "GET /js/OpenLayers-2.13.1/img/east-mini.png HTTP/1.1" 200 342 "http://vps82673.ovh.net/around?latitude=52.026363;longitude=21.032242" "Mozilla/5.0 (Windows NT 6.3; WOW64) AppleWebKit/537.36 (KHTML, like Gecko) Chrome/35.0.1916.153 Safari/537.36"
95.160.15.155 - - [16/Jul/2014:23:36:39 +0200] "GET /js/OpenLayers-2.13.1/img/west-mini.png HTTP/1.1" 200 360 "http://vps82673.ovh.net/around?latitude=52.026363;longitude=21.032242" "Mozilla/5.0 (Windows NT 6.3; WOW64) AppleWebKit/537.36 (KHTML, like Gecko) Chrome/35.0.1916.153 Safari/537.36"
95.160.15.155 - - [16/Jul/2014:23:36:39 +0200] "GET /js/OpenLayers-2.13.1/img/zoom-plus-mini.png HTTP/1.1" 200 386 "http://vps82673.ovh.net/around?latitude=52.026363;longitude=21.032242" "Mozilla/5.0 (Windows NT 6.3; WOW64) AppleWebKit/537.36 (KHTML, like Gecko) Chrome/35.0.1916.153 Safari/537.36"
95.160.15.155 - - [16/Jul/2014:23:36:39 +0200] "GET /js/OpenLayers-2.13.1/img/zoom-world-mini.png HTTP/1.1" 200 882 "http://vps82673.ovh.net/around?latitude=52.026363;longitude=21.032242" "Mozilla/5.0 (Windows NT 6.3; WOW64) AppleWebKit/537.36 (KHTML, like Gecko) Chrome/35.0.1916.153 Safari/537.36"
95.160.15.155 - - [16/Jul/2014:23:36:39 +0200] "GET /js/OpenLayers-2.13.1/img/zoom-minus-mini.png HTTP/1.1" 200 291 "http://vps82673.ovh.net/around?latitude=52.026363;longitude=21.032242" "Mozilla/5.0 (Windows NT 6.3; WOW64) AppleWebKit/537.36 (KHTML, like Gecko) Chrome/35.0.1916.153 Safari/537.36"
95.160.15.155 - - [16/Jul/2014:23:36:40 +0200] "GET /ajax?bbox=21.012865722077,52.022448174586,21.042176902191,52.030937564124 HTTP/1.1" 200 147 "http://vps82673.ovh.net/around?latitude=52.026363;longitude=21.032242" "Mozilla/5.0 (Windows NT 6.3; WOW64) AppleWebKit/537.36 (KHTML, like Gecko) Chrome/35.0.1916.153 Safari/537.36"
95.160.15.155 - - [16/Jul/2014:23:36:44 +0200] "GET /ajax?bbox=21.012651145355,52.021378634862,21.041962325469,52.029868227408 HTTP/1.1" 200 147 "http://vps82673.ovh.net/around?latitude=52.026363;longitude=21.032242" "Mozilla/5.0 (Windows NT 6.3; WOW64) AppleWebKit/537.36 (KHTML, like Gecko) Chrome/35.0.1916.153 Safari/537.36"
95.160.15.155 - - [16/Jul/2014:23:36:47 +0200] "GET /ajax?bbox=21.012930095093,52.021827580577,21.042241275207,52.030317087909 HTTP/1.1" 200 147 "http://vps82673.ovh.net/around?latitude=52.026363;longitude=21.032242" "Mozilla/5.0 (Windows NT 6.3; WOW64) AppleWebKit/537.36 (KHTML, like Gecko) Chrome/35.0.1916.153 Safari/537.36"
95.160.15.155 - - [16/Jul/2014:23:36:50 +0200] "GET /i/pin-shadow.png HTTP/1.1" 200 720 "http://vps82673.ovh.net/around?latitude=52.026363;longitude=21.032242" "Mozilla/5.0 (Windows NT 6.3; WOW64) AppleWebKit/537.36 (KHTML, like Gecko) Chrome/35.0.1916.153 Safari/537.36"
92.222.172.226 - - [16/Jul/2014:23:36:50 +0200] "GET /fakemapit/point/4326/21.03295,52.025538 HTTP/1.1" 200 51 "-" "MaPit.pm web service client"
95.160.15.155 - - [16/Jul/2014:23:36:51 +0200] "GET /report/new/ajax?latitude=52.025537812353264&longitude=21.032950103179942 HTTP/1.1" 200 497 "http://vps82673.ovh.net/around?latitude=52.026363;longitude=21.032242" "Mozilla/5.0 (Windows NT 6.3; WOW64) AppleWebKit/537.36 (KHTML, like Gecko) Chrome/35.0.1916.153 Safari/537.36"
92.222.172.226 - - [16/Jul/2014:23:36:58 +0200] "GET /fakemapit/point/4326/21.045932,52.02837 HTTP/1.1" 200 51 "-" "MaPit.pm web service client"
95.160.15.155 - - [16/Jul/2014:23:36:58 +0200] "GET /report/new/ajax?latitude=52.0283697928157&longitude=21.045931994812783 HTTP/1.1" 200 497 "http://vps82673.ovh.net/around?latitude=52.026363;longitude=21.032242" "Mozilla/5.0 (Windows NT 6.3; WOW64) AppleWebKit/537.36 (KHTML, like Gecko) Chrome/35.0.1916.153 Safari/537.36"
92.222.172.226 - - [16/Jul/2014:23:36:59 +0200] "GET /fakemapit/point/4326/21.0437,52.02705 HTTP/1.1" 200 51 "-" "MaPit.pm web service client"
95.160.15.155 - - [16/Jul/2014:23:36:59 +0200] "GET /report/new/ajax?latitude=52.027049544518675&longitude=21.04370039691232 HTTP/1.1" 200 497 "http://vps82673.ovh.net/around?latitude=52.026363;longitude=21.032242" "Mozilla/5.0 (Windows NT 6.3; WOW64) AppleWebKit/537.36 (KHTML, like Gecko) Chrome/35.0.1916.153 Safari/537.36"
95.160.15.155 - - [16/Jul/2014:23:37:33 +0200] "GET /ajax?bbox=21.025354087251,52.022586816752,21.054300486939,52.031076179974 HTTP/1.1" 200 147 "http://vps82673.ovh.net/around?latitude=52.026363;longitude=21.032242" "Mozilla/5.0 (Windows NT 6.3; WOW64) AppleWebKit/537.36 (KHTML, like Gecko) Chrome/35.0.1916.153 Safari/537.36"
95.160.15.155 - - [16/Jul/2014:23:37:47 +0200] "GET /around?pc=rusa%C5%82ek+27%2C+zalesie+g%C3%B3rne%2C+polska HTTP/1.1" 200 1650 "http://vps82673.ovh.net/around?pc=zalesie+g%C3%B3rne%2C+polska" "Mozilla/5.0 (Windows NT 6.3; WOW64) AppleWebKit/537.36 (KHTML, like Gecko) Chrome/35.0.1916.153 Safari/537.36"
95.160.15.155 - - [16/Jul/2014:23:37:47 +0200] "GET /js/validation_rules.js?390429 HTTP/1.1" 200 107 "http://vps82673.ovh.net/around?pc=rusa%C5%82ek+27%2C+zalesie+g%C3%B3rne%2C+polska" "Mozilla/5.0 (Windows NT 6.3; WOW64) AppleWebKit/537.36 (KHTML, like Gecko) Chrome/35.0.1916.153 Safari/537.36"
95.160.15.155 - - [16/Jul/2014:23:37:47 +0200] "GET /js/translation_strings.en-gb.js?390429 HTTP/1.1" 200 632 "http://vps82673.ovh.net/around?pc=rusa%C5%82ek+27%2C+zalesie+g%C3%B3rne%2C+polska" "Mozilla/5.0 (Windows NT 6.3; WOW64) AppleWebKit/537.36 (KHTML, like Gecko) Chrome/35.0.1916.153 Safari/537.36"
95.160.15.155 - - [16/Jul/2014:23:37:57 +0200] "GET /around?pc=rusa%C5%82ek%2C+zalesie+g%C3%B3rne%2C+polska HTTP/1.1" 200 1644 "http://vps82673.ovh.net/around?pc=rusa%C5%82ek+27%2C+zalesie+g%C3%B3rne%2C+polska" "Mozilla/5.0 (Windows NT 6.3; WOW64) AppleWebKit/537.36 (KHTML, like Gecko) Chrome/35.0.1916.153 Safari/537.36"
95.160.15.155 - - [16/Jul/2014:23:37:57 +0200] "GET /js/validation_rules.js?390429 HTTP/1.1" 200 107 "http://vps82673.ovh.net/around?pc=rusa%C5%82ek%2C+zalesie+g%C3%B3rne%2C+polska" "Mozilla/5.0 (Windows NT 6.3; WOW64) AppleWebKit/537.36 (KHTML, like Gecko) Chrome/35.0.1916.153 Safari/537.36"
95.160.15.155 - - [16/Jul/2014:23:37:57 +0200] "GET /js/translation_strings.en-gb.js?390429 HTTP/1.1" 200 632 "http://vps82673.ovh.net/around?pc=rusa%C5%82ek%2C+zalesie+g%C3%B3rne%2C+polska" "Mozilla/5.0 (Windows NT 6.3; WOW64) AppleWebKit/537.36 (KHTML, like Gecko) Chrome/35.0.1916.153 Safari/537.36"
95.160.15.155 - - [16/Jul/2014:23:38:02 +0200] "GET /around?pc=pionier%C3%B3w%2C+zalesie+g%C3%B3rne%2C+polska HTTP/1.1" 200 1848 "http://vps82673.ovh.net/around?pc=rusa%C5%82ek%2C+zalesie+g%C3%B3rne%2C+polska" "Mozilla/5.0 (Windows NT 6.3; WOW64) AppleWebKit/537.36 (KHTML, like Gecko) Chrome/35.0.1916.153 Safari/537.36"
95.160.15.155 - - [16/Jul/2014:23:38:03 +0200] "GET /js/validation_rules.js?390429 HTTP/1.1" 200 107 "http://vps82673.ovh.net/around?pc=pionier%C3%B3w%2C+zalesie+g%C3%B3rne%2C+polska" "Mozilla/5.0 (Windows NT 6.3; WOW64) AppleWebKit/537.36 (KHTML, like Gecko) Chrome/35.0.1916.153 Safari/537.36"
95.160.15.155 - - [16/Jul/2014:23:38:03 +0200] "GET /js/translation_strings.en-gb.js?390429 HTTP/1.1" 200 632 "http://vps82673.ovh.net/around?pc=pionier%C3%B3w%2C+zalesie+g%C3%B3rne%2C+polska" "Mozilla/5.0 (Windows NT 6.3; WOW64) AppleWebKit/537.36 (KHTML, like Gecko) Chrome/35.0.1916.153 Safari/537.36"
92.222.172.226 - - [16/Jul/2014:23:38:07 +0200] "GET /fakemapit/point/4326/21.0464,52.027791?type=ZZZ HTTP/1.1" 200 51 "-" "MaPit.pm web service client"
95.160.15.155 - - [16/Jul/2014:23:38:07 +0200] "GET /around?latitude=52.027791;longitude=21.046400 HTTP/1.1" 200 4514 "http://vps82673.ovh.net/around?pc=pionier%C3%B3w%2C+zalesie+g%C3%B3rne%2C+polska" "Mozilla/5.0 (Windows NT 6.3; WOW64) AppleWebKit/537.36 (KHTML, like Gecko) Chrome/35.0.1916.153 Safari/537.36"
95.160.15.155 - - [16/Jul/2014:23:38:07 +0200] "GET /js/validation_rules.js?390429 HTTP/1.1" 200 107 "http://vps82673.ovh.net/around?latitude=52.027791;longitude=21.046400" "Mozilla/5.0 (Windows NT 6.3; WOW64) AppleWebKit/537.36 (KHTML, like Gecko) Chrome/35.0.1916.153 Safari/537.36"
95.160.15.155 - - [16/Jul/2014:23:38:07 +0200] "GET /js/translation_strings.en-gb.js?390429 HTTP/1.1" 200 632 "http://vps82673.ovh.net/around?latitude=52.027791;longitude=21.046400" "Mozilla/5.0 (Windows NT 6.3; WOW64) AppleWebKit/537.36 (KHTML, like Gecko) Chrome/35.0.1916.153 Safari/537.36"
95.160.15.155 - - [16/Jul/2014:23:38:07 +0200] "GET /ajax?bbox=21.027023722076,52.023876299587,21.05633490219,52.032365418049 HTTP/1.1" 200 147 "http://vps82673.ovh.net/around?latitude=52.027791;longitude=21.046400" "Mozilla/5.0 (Windows NT 6.3; WOW64) AppleWebKit/537.36 (KHTML, like Gecko) Chrome/35.0.1916.153 Safari/537.36"
95.160.15.155 - - [16/Jul/2014:23:38:10 +0200] "GET /ajax?bbox=20.968894888306,52.011139600167,21.086139608764,52.045096074317 HTTP/1.1" 200 147 "http://vps82673.ovh.net/around?latitude=52.027791;longitude=21.046400" "Mozilla/5.0 (Windows NT 6.3; WOW64) AppleWebKit/537.36 (KHTML, like Gecko) Chrome/35.0.1916.153 Safari/537.36"
95.160.15.155 - - [16/Jul/2014:23:38:11 +0200] "GET /ajax?bbox=20.891389776611,51.994151693097,21.125879217529,52.062064643309 HTTP/1.1" 200 147 "http://vps82673.ovh.net/around?latitude=52.027791;longitude=21.046400" "Mozilla/5.0 (Windows NT 6.3; WOW64) AppleWebKit/537.36 (KHTML, like Gecko) Chrome/35.0.1916.153 Safari/537.36"
95.160.15.155 - - [16/Jul/2014:23:38:25 +0200] "GET /around?pc=jesionowa%2C+zalesie+g%C3%B3rne%2C+polska HTTP/1.1" 200 1842 "http://vps82673.ovh.net/around?pc=pionier%C3%B3w%2C+zalesie+g%C3%B3rne%2C+polska" "Mozilla/5.0 (Windows NT 6.3; WOW64) AppleWebKit/537.36 (KHTML, like Gecko) Chrome/35.0.1916.153 Safari/537.36"
95.160.15.155 - - [16/Jul/2014:23:38:25 +0200] "GET /js/validation_rules.js?390429 HTTP/1.1" 200 107 "http://vps82673.ovh.net/around?pc=jesionowa%2C+zalesie+g%C3%B3rne%2C+polska" "Mozilla/5.0 (Windows NT 6.3; WOW64) AppleWebKit/537.36 (KHTML, like Gecko) Chrome/35.0.1916.153 Safari/537.36"
95.160.15.155 - - [16/Jul/2014:23:38:25 +0200] "GET /js/translation_strings.en-gb.js?390429 HTTP/1.1" 200 632 "http://vps82673.ovh.net/around?pc=jesionowa%2C+zalesie+g%C3%B3rne%2C+polska" "Mozilla/5.0 (Windows NT 6.3; WOW64) AppleWebKit/537.36 (KHTML, like Gecko) Chrome/35.0.1916.153 Safari/537.36"
92.222.172.226 - - [16/Jul/2014:23:38:32 +0200] "GET /fakemapit/point/4326/21.044611,52.025448?type=ZZZ HTTP/1.1" 200 51 "-" "MaPit.pm web service client"
95.160.15.155 - - [16/Jul/2014:23:38:32 +0200] "GET /around?latitude=52.025448;longitude=21.044611 HTTP/1.1" 200 4515 "http://vps82673.ovh.net/around?pc=jesionowa%2C+zalesie+g%C3%B3rne%2C+polska" "Mozilla/5.0 (Windows NT 6.3; WOW64) AppleWebKit/537.36 (KHTML, like Gecko) Chrome/35.0.1916.153 Safari/537.36"
95.160.15.155 - - [16/Jul/2014:23:38:32 +0200] "GET /js/validation_rules.js?390429 HTTP/1.1" 200 107 "http://vps82673.ovh.net/around?latitude=52.025448;longitude=21.044611" "Mozilla/5.0 (Windows NT 6.3; WOW64) AppleWebKit/537.36 (KHTML, like Gecko) Chrome/35.0.1916.153 Safari/537.36"
95.160.15.155 - - [16/Jul/2014:23:38:32 +0200] "GET /js/translation_strings.en-gb.js?390429 HTTP/1.1" 200 632 "http://vps82673.ovh.net/around?latitude=52.025448;longitude=21.044611" "Mozilla/5.0 (Windows NT 6.3; WOW64) AppleWebKit/537.36 (KHTML, like Gecko) Chrome/35.0.1916.153 Safari/537.36"
95.160.15.155 - - [16/Jul/2014:23:38:33 +0200] "GET /ajax?bbox=21.025234722076,52.021533094493,21.05454590219,52.030022657721 HTTP/1.1" 200 147 "http://vps82673.ovh.net/around?latitude=52.025448;longitude=21.044611" "Mozilla/5.0 (Windows NT 6.3; WOW64) AppleWebKit/537.36 (KHTML, like Gecko) Chrome/35.0.1916.153 Safari/537.36"
95.160.15.155 - - [16/Jul/2014:23:38:39 +0200] "GET /ajax?bbox=21.027745269714,52.017571627166,21.057056449828,52.026061942292 HTTP/1.1" 200 147 "http://vps82673.ovh.net/around?latitude=52.025448;longitude=21.044611" "Mozilla/5.0 (Windows NT 6.3; WOW64) AppleWebKit/537.36 (KHTML, like Gecko) Chrome/35.0.1916.153 Safari/537.36"
95.160.15.155 - - [16/Jul/2014:23:38:42 +0200] "GET /ajax?bbox=21.030427478729,52.0114042449,21.059738658843,52.019895730532 HTTP/1.1" 200 147 "http://vps82673.ovh.net/around?latitude=52.025448;longitude=21.044611" "Mozilla/5.0 (Windows NT 6.3; WOW64) AppleWebKit/537.36 (KHTML, like Gecko) Chrome/35.0.1916.153 Safari/537.36"
95.160.15.155 - - [16/Jul/2014:23:38:52 +0200] "GET /around?pc=polna%2C+zalesie+g%C3%B3rne%2C+polska HTTP/1.1" 200 2093 "http://vps82673.ovh.net/around?pc=jesionowa%2C+zalesie+g%C3%B3rne%2C+polska" "Mozilla/5.0 (Windows NT 6.3; WOW64) AppleWebKit/537.36 (KHTML, like Gecko) Chrome/35.0.1916.153 Safari/537.36"
95.160.15.155 - - [16/Jul/2014:23:38:52 +0200] "GET /js/validation_rules.js?390429 HTTP/1.1" 200 107 "http://vps82673.ovh.net/around?pc=polna%2C+zalesie+g%C3%B3rne%2C+polska" "Mozilla/5.0 (Windows NT 6.3; WOW64) AppleWebKit/537.36 (KHTML, like Gecko) Chrome/35.0.1916.153 Safari/537.36"
95.160.15.155 - - [16/Jul/2014:23:38:52 +0200] "GET /js/translation_strings.en-gb.js?390429 HTTP/1.1" 200 632 "http://vps82673.ovh.net/around?pc=polna%2C+zalesie+g%C3%B3rne%2C+polska" "Mozilla/5.0 (Windows NT 6.3; WOW64) AppleWebKit/537.36 (KHTML, like Gecko) Chrome/35.0.1916.153 Safari/537.36"
92.222.172.226 - - [16/Jul/2014:23:39:11 +0200] "GET /fakemapit/point/4326/21.049013,52.059403?type=ZZZ HTTP/1.1" 200 51 "-" "MaPit.pm web service client"
95.160.15.155 - - [16/Jul/2014:23:39:12 +0200] "GET /around?latitude=52.059403;longitude=21.049013 HTTP/1.1" 200 4517 "http://vps82673.ovh.net/around?pc=polna%2C+zalesie+g%C3%B3rne%2C+polska" "Mozilla/5.0 (Windows NT 6.3; WOW64) AppleWebKit/537.36 (KHTML, like Gecko) Chrome/35.0.1916.153 Safari/537.36"
95.160.15.155 - - [16/Jul/2014:23:39:12 +0200] "GET /js/validation_rules.js?390429 HTTP/1.1" 200 107 "http://vps82673.ovh.net/around?latitude=52.059403;longitude=21.049013" "Mozilla/5.0 (Windows NT 6.3; WOW64) AppleWebKit/537.36 (KHTML, like Gecko) Chrome/35.0.1916.153 Safari/537.36"
95.160.15.155 - - [16/Jul/2014:23:39:12 +0200] "GET /js/translation_strings.en-gb.js?390429 HTTP/1.1" 200 632 "http://vps82673.ovh.net/around?latitude=52.059403;longitude=21.049013" "Mozilla/5.0 (Windows NT 6.3; WOW64) AppleWebKit/537.36 (KHTML, like Gecko) Chrome/35.0.1916.153 Safari/537.36"
95.160.15.155 - - [16/Jul/2014:23:39:12 +0200] "GET /ajax?bbox=21.029636722076,52.055491067384,21.05894790219,52.063974183628 HTTP/1.1" 200 147 "http://vps82673.ovh.net/around?latitude=52.059403;longitude=21.049013" "Mozilla/5.0 (Windows NT 6.3; WOW64) AppleWebKit/537.36 (KHTML, like Gecko) Chrome/35.0.1916.153 Safari/537.36"
92.222.172.226 - - [16/Jul/2014:23:39:48 +0200] "GET /fakemapit/point/4326/21.046719,52.022004?type=ZZZ HTTP/1.1" 200 51 "-" "MaPit.pm web service client"
95.160.15.155 - - [16/Jul/2014:23:39:48 +0200] "GET /around?pc=calineczki%2C+zalesie+g%C3%B3rne%2C+gmina+piaseczno%2C+polska HTTP/1.1" 200 4622 "http://vps82673.ovh.net/around?pc=polna%2C+zalesie+g%C3%B3rne%2C+polska" "Mozilla/5.0 (Windows NT 6.3; WOW64) AppleWebKit/537.36 (KHTML, like Gecko) Chrome/35.0.1916.153 Safari/537.36"
95.160.15.155 - - [16/Jul/2014:23:39:48 +0200] "GET /js/validation_rules.js?390429 HTTP/1.1" 200 107 "http://vps82673.ovh.net/around?pc=calineczki%2C+zalesie+g%C3%B3rne%2C+gmina+piaseczno%2C+polska" "Mozilla/5.0 (Windows NT 6.3; WOW64) AppleWebKit/537.36 (KHTML, like Gecko) Chrome/35.0.1916.153 Safari/537.36"
95.160.15.155 - - [16/Jul/2014:23:39:48 +0200] "GET /js/translation_strings.en-gb.js?390429 HTTP/1.1" 200 632 "http://vps82673.ovh.net/around?pc=calineczki%2C+zalesie+g%C3%B3rne%2C+gmina+piaseczno%2C+polska" "Mozilla/5.0 (Windows NT 6.3; WOW64) AppleWebKit/537.36 (KHTML, like Gecko) Chrome/35.0.1916.153 Safari/537.36"
95.160.15.155 - - [16/Jul/2014:23:39:49 +0200] "GET /ajax?bbox=21.027342722077,52.018088793034,21.056653902191,52.026579010002 HTTP/1.1" 200 147 "http://vps82673.ovh.net/around?pc=calineczki%2C+zalesie+g%C3%B3rne%2C+gmina+piaseczno%2C+polska" "Mozilla/5.0 (Windows NT 6.3; WOW64) AppleWebKit/537.36 (KHTML, like Gecko) Chrome/35.0.1916.153 Safari/537.36"
95.160.15.155 - - [16/Jul/2014:23:40:02 +0200] "GET /around?pc=rusalek%2C+zalesie+g%C3%B3rne%2C+gmina+piaseczno%2C+polska HTTP/1.1" 200 1653 "http://vps82673.ovh.net/around?pc=polna%2C+zalesie+g%C3%B3rne%2C+polska" "Mozilla/5.0 (Windows NT 6.3; WOW64) AppleWebKit/537.36 (KHTML, like Gecko) Chrome/35.0.1916.153 Safari/537.36"
95.160.15.155 - - [16/Jul/2014:23:40:02 +0200] "GET /js/validation_rules.js?390429 HTTP/1.1" 200 107 "http://vps82673.ovh.net/around?pc=rusalek%2C+zalesie+g%C3%B3rne%2C+gmina+piaseczno%2C+polska" "Mozilla/5.0 (Windows NT 6.3; WOW64) AppleWebKit/537.36 (KHTML, like Gecko) Chrome/35.0.1916.153 Safari/537.36"
95.160.15.155 - - [16/Jul/2014:23:40:02 +0200] "GET /js/translation_strings.en-gb.js?390429 HTTP/1.1" 200 632 "http://vps82673.ovh.net/around?pc=rusalek%2C+zalesie+g%C3%B3rne%2C+gmina+piaseczno%2C+polska" "Mozilla/5.0 (Windows NT 6.3; WOW64) AppleWebKit/537.36 (KHTML, like Gecko) Chrome/35.0.1916.153 Safari/537.36"
95.160.15.155 - - [16/Jul/2014:23:40:07 +0200] "GET /around?pc=rusa%C5%82ek%2C+zalesie+g%C3%B3rne%2C+gmina+piaseczno%2C+polska HTTP/1.1" 200 1664 "http://vps82673.ovh.net/around?pc=rusalek%2C+zalesie+g%C3%B3rne%2C+gmina+piaseczno%2C+polska" "Mozilla/5.0 (Windows NT 6.3; WOW64) AppleWebKit/537.36 (KHTML, like Gecko) Chrome/35.0.1916.153 Safari/537.36"
95.160.15.155 - - [16/Jul/2014:23:40:07 +0200] "GET /js/validation_rules.js?390429 HTTP/1.1" 200 107 "http://vps82673.ovh.net/around?pc=rusa%C5%82ek%2C+zalesie+g%C3%B3rne%2C+gmina+piaseczno%2C+polska" "Mozilla/5.0 (Windows NT 6.3; WOW64) AppleWebKit/537.36 (KHTML, like Gecko) Chrome/35.0.1916.153 Safari/537.36"
95.160.15.155 - - [16/Jul/2014:23:40:07 +0200] "GET /js/translation_strings.en-gb.js?390429 HTTP/1.1" 200 632 "http://vps82673.ovh.net/around?pc=rusa%C5%82ek%2C+zalesie+g%C3%B3rne%2C+gmina+piaseczno%2C+polska" "Mozilla/5.0 (Windows NT 6.3; WOW64) AppleWebKit/537.36 (KHTML, like Gecko) Chrome/35.0.1916.153 Safari/537.36"
95.160.15.155 - - [16/Jul/2014:23:40:15 +0200] "GET /around?pc=zielonych+%C5%BCabek%2C+zalesie+g%C3%B3rne%2C+gmina+piaseczno%2C+polska HTTP/1.1" 200 1671 "http://vps82673.ovh.net/around?pc=rusa%C5%82ek%2C+zalesie+g%C3%B3rne%2C+gmina+piaseczno%2C+polska" "Mozilla/5.0 (Windows NT 6.3; WOW64) AppleWebKit/537.36 (KHTML, like Gecko) Chrome/35.0.1916.153 Safari/537.36"
95.160.15.155 - - [16/Jul/2014:23:40:16 +0200] "GET /js/validation_rules.js?390429 HTTP/1.1" 200 107 "http://vps82673.ovh.net/around?pc=zielonych+%C5%BCabek%2C+zalesie+g%C3%B3rne%2C+gmina+piaseczno%2C+polska" "Mozilla/5.0 (Windows NT 6.3; WOW64) AppleWebKit/537.36 (KHTML, like Gecko) Chrome/35.0.1916.153 Safari/537.36"
95.160.15.155 - - [16/Jul/2014:23:40:16 +0200] "GET /js/translation_strings.en-gb.js?390429 HTTP/1.1" 200 632 "http://vps82673.ovh.net/around?pc=zielonych+%C5%BCabek%2C+zalesie+g%C3%B3rne%2C+gmina+piaseczno%2C+polska" "Mozilla/5.0 (Windows NT 6.3; WOW64) AppleWebKit/537.36 (KHTML, like Gecko) Chrome/35.0.1916.153 Safari/537.36"
92.222.172.226 - - [16/Jul/2014:23:40:27 +0200] "GET /fakemapit/point/4326/21.047246,52.0212?type=ZZZ HTTP/1.1" 200 51 "-" "MaPit.pm web service client"
95.160.15.155 - - [16/Jul/2014:23:40:27 +0200] "GET /around?pc=wieczornego+zmierzchu%2C+zalesie+g%C3%B3rne%2C+gmina+piaseczno%2C+polska HTTP/1.1" 200 4641 "http://vps82673.ovh.net/around?pc=zielonych+%C5%BCabek%2C+zalesie+g%C3%B3rne%2C+gmina+piaseczno%2C+polska" "Mozilla/5.0 (Windows NT 6.3; WOW64) AppleWebKit/537.36 (KHTML, like Gecko) Chrome/35.0.1916.153 Safari/537.36"
95.160.15.155 - - [16/Jul/2014:23:40:27 +0200] "GET /js/validation_rules.js?390429 HTTP/1.1" 200 107 "http://vps82673.ovh.net/around?pc=wieczornego+zmierzchu%2C+zalesie+g%C3%B3rne%2C+gmina+piaseczno%2C+polska" "Mozilla/5.0 (Windows NT 6.3; WOW64) AppleWebKit/537.36 (KHTML, like Gecko) Chrome/35.0.1916.153 Safari/537.36"
95.160.15.155 - - [16/Jul/2014:23:40:27 +0200] "GET /js/translation_strings.en-gb.js?390429 HTTP/1.1" 200 632 "http://vps82673.ovh.net/around?pc=wieczornego+zmierzchu%2C+zalesie+g%C3%B3rne%2C+gmina+piaseczno%2C+polska" "Mozilla/5.0 (Windows NT 6.3; WOW64) AppleWebKit/537.36 (KHTML, like Gecko) Chrome/35.0.1916.153 Safari/537.36"
95.160.15.155 - - [16/Jul/2014:23:40:28 +0200] "GET /ajax?bbox=21.027869722076,52.01728472266,21.05718090219,52.02577509224 HTTP/1.1" 200 147 "http://vps82673.ovh.net/around?pc=wieczornego+zmierzchu%2C+zalesie+g%C3%B3rne%2C+gmina+piaseczno%2C+polska" "Mozilla/5.0 (Windows NT 6.3; WOW64) AppleWebKit/537.36 (KHTML, like Gecko) Chrome/35.0.1916.153 Safari/537.36"
95.160.15.155 - - [16/Jul/2014:23:40:35 +0200] "GET /ajax?bbox=21.03033735437,52.014617119913,21.059648534484,52.023107995787 HTTP/1.1" 200 147 "http://vps82673.ovh.net/around?pc=wieczornego+zmierzchu%2C+zalesie+g%C3%B3rne%2C+gmina+piaseczno%2C+polska" "Mozilla/5.0 (Windows NT 6.3; WOW64) AppleWebKit/537.36 (KHTML, like Gecko) Chrome/35.0.1916.153 Safari/537.36"
95.160.15.155 - - [16/Jul/2014:23:40:36 +0200] "GET /ajax?bbox=21.028148671814,52.012015393734,21.057459851928,52.02050676338 HTTP/1.1" 200 147 "http://vps82673.ovh.net/around?pc=wieczornego+zmierzchu%2C+zalesie+g%C3%B3rne%2C+gmina+piaseczno%2C+polska" "Mozilla/5.0 (Windows NT 6.3; WOW64) AppleWebKit/537.36 (KHTML, like Gecko) Chrome/35.0.1916.153 Safari/537.36"
95.160.15.155 - - [16/Jul/2014:23:40:37 +0200] "GET /ajax?bbox=21.020359536834,52.012305949339,21.049670716948,52.020797263843 HTTP/1.1" 200 147 "http://vps82673.ovh.net/around?pc=wieczornego+zmierzchu%2C+zalesie+g%C3%B3rne%2C+gmina+piaseczno%2C+polska" "Mozilla/5.0 (Windows NT 6.3; WOW64) AppleWebKit/537.36 (KHTML, like Gecko) Chrome/35.0.1916.153 Safari/537.36"
95.160.15.155 - - [16/Jul/2014:23:40:39 +0200] "GET /ajax?bbox=21.018449804016,52.016267882947,21.04776098413,52.024758445519 HTTP/1.1" 200 147 "http://vps82673.ovh.net/around?pc=wieczornego+zmierzchu%2C+zalesie+g%C3%B3rne%2C+gmina+piaseczno%2C+polska" "Mozilla/5.0 (Windows NT 6.3; WOW64) AppleWebKit/537.36 (KHTML, like Gecko) Chrome/35.0.1916.153 Safari/537.36"
95.160.15.155 - - [16/Jul/2014:23:40:41 +0200] "GET /ajax?bbox=21.015188237854,52.017205489227,21.044499417968,52.025695873845 HTTP/1.1" 200 147 "http://vps82673.ovh.net/around?pc=wieczornego+zmierzchu%2C+zalesie+g%C3%B3rne%2C+gmina+piaseczno%2C+polska" "Mozilla/5.0 (Windows NT 6.3; WOW64) AppleWebKit/537.36 (KHTML, like Gecko) Chrome/35.0.1916.153 Safari/537.36"
95.160.15.155 - - [16/Jul/2014:23:40:42 +0200] "GET /ajax?bbox=21.012956639953,52.017548833091,21.042267820067,52.026039152543 HTTP/1.1" 200 147 "http://vps82673.ovh.net/around?pc=wieczornego+zmierzchu%2C+zalesie+g%C3%B3rne%2C+gmina+piaseczno%2C+polska" "Mozilla/5.0 (Windows NT 6.3; WOW64) AppleWebKit/537.36 (KHTML, like Gecko) Chrome/35.0.1916.153 Safari/537.36"
92.222.172.226 - - [16/Jul/2014:23:40:53 +0200] "GET /fakemapit/point/4326/21.028816,52.019878?type=ZZZ HTTP/1.1" 200 51 "-" "MaPit.pm web service client"
95.160.15.155 - - [16/Jul/2014:23:40:53 +0200] "GET /around?pc=le%C5%9Bna%2C+zalesie+g%C3%B3rne%2C+gmina+piaseczno%2C+polska HTTP/1.1" 200 4628 "http://vps82673.ovh.net/around?pc=zielonych+%C5%BCabek%2C+zalesie+g%C3%B3rne%2C+gmina+piaseczno%2C+polska" "Mozilla/5.0 (Windows NT 6.3; WOW64) AppleWebKit/537.36 (KHTML, like Gecko) Chrome/35.0.1916.153 Safari/537.36"
95.160.15.155 - - [16/Jul/2014:23:40:53 +0200] "GET /js/validation_rules.js?390429 HTTP/1.1" 200 107 "http://vps82673.ovh.net/around?pc=le%C5%9Bna%2C+zalesie+g%C3%B3rne%2C+gmina+piaseczno%2C+polska" "Mozilla/5.0 (Windows NT 6.3; WOW64) AppleWebKit/537.36 (KHTML, like Gecko) Chrome/35.0.1916.153 Safari/537.36"
95.160.15.155 - - [16/Jul/2014:23:40:53 +0200] "GET /js/translation_strings.en-gb.js?390429 HTTP/1.1" 200 632 "http://vps82673.ovh.net/around?pc=le%C5%9Bna%2C+zalesie+g%C3%B3rne%2C+gmina+piaseczno%2C+polska" "Mozilla/5.0 (Windows NT 6.3; WOW64) AppleWebKit/537.36 (KHTML, like Gecko) Chrome/35.0.1916.153 Safari/537.36"
95.160.15.155 - - [16/Jul/2014:23:40:54 +0200] "GET /ajax?bbox=21.009439722077,52.015962606948,21.038750902191,52.02445322746 HTTP/1.1" 200 147 "http://vps82673.ovh.net/around?pc=le%C5%9Bna%2C+zalesie+g%C3%B3rne%2C+gmina+piaseczno%2C+polska" "Mozilla/5.0 (Windows NT 6.3; WOW64) AppleWebKit/537.36 (KHTML, like Gecko) Chrome/35.0.1916.153 Safari/537.36"
95.160.15.155 - - [16/Jul/2014:23:40:57 +0200] "GET /ajax?bbox=21.000642076508,52.021152244566,21.029953256622,52.029641880082 HTTP/1.1" 200 147 "http://vps82673.ovh.net/around?pc=le%C5%9Bna%2C+zalesie+g%C3%B3rne%2C+gmina+piaseczno%2C+polska" "Mozilla/5.0 (Windows NT 6.3; WOW64) AppleWebKit/537.36 (KHTML, like Gecko) Chrome/35.0.1916.153 Safari/537.36"
95.160.15.155 - - [16/Jul/2014:23:40:58 +0200] "GET /ajax?bbox=21.000620618836,52.024664482071,21.02993179895,52.033153450925 HTTP/1.1" 200 147 "http://vps82673.ovh.net/around?pc=le%C5%9Bna%2C+zalesie+g%C3%B3rne%2C+gmina+piaseczno%2C+polska" "Mozilla/5.0 (Windows NT 6.3; WOW64) AppleWebKit/537.36 (KHTML, like Gecko) Chrome/35.0.1916.153 Safari/537.36"
95.160.15.155 - - [16/Jul/2014:23:40:59 +0200] "GET /ajax?bbox=20.997723833099,52.026341280149,21.027035013213,52.034829930715 HTTP/1.1" 200 147 "http://vps82673.ovh.net/around?pc=le%C5%9Bna%2C+zalesie+g%C3%B3rne%2C+gmina+piaseczno%2C+polska" "Mozilla/5.0 (Windows NT 6.3; WOW64) AppleWebKit/537.36 (KHTML, like Gecko) Chrome/35.0.1916.153 Safari/537.36"
95.160.15.155 - - [16/Jul/2014:23:41:00 +0200] "GET /ajax?bbox=20.995792642609,52.027991610567,21.025103822723,52.036479947863 HTTP/1.1" 200 147 "http://vps82673.ovh.net/around?pc=le%C5%9Bna%2C+zalesie+g%C3%B3rne%2C+gmina+piaseczno%2C+polska" "Mozilla/5.0 (Windows NT 6.3; WOW64) AppleWebKit/537.36 (KHTML, like Gecko) Chrome/35.0.1916.153 Safari/537.36"
95.160.15.155 - - [16/Jul/2014:23:41:01 +0200] "GET /ajax?bbox=20.994784132019,52.029430648984,21.024095312133,52.037918713112 HTTP/1.1" 200 147 "http://vps82673.ovh.net/around?pc=le%C5%9Bna%2C+zalesie+g%C3%B3rne%2C+gmina+piaseczno%2C+polska" "Mozilla/5.0 (Windows NT 6.3; WOW64) AppleWebKit/537.36 (KHTML, like Gecko) Chrome/35.0.1916.153 Safari/537.36"
95.160.15.155 - - [16/Jul/2014:23:41:03 +0200] "GET /ajax?bbox=20.994655385986,52.029589072401,21.0239665661,52.038077106457 HTTP/1.1" 200 147 "http://vps82673.ovh.net/around?pc=le%C5%9Bna%2C+zalesie+g%C3%B3rne%2C+gmina+piaseczno%2C+polska" "Mozilla/5.0 (Windows NT 6.3; WOW64) AppleWebKit/537.36 (KHTML, like Gecko) Chrome/35.0.1916.153 Safari/537.36"
92.222.172.226 - - [16/Jul/2014:23:41:16 +0200] "GET /fakemapit/point/4326/21.009735,52.033339?type=ZZZ HTTP/1.1" 200 51 "-" "MaPit.pm web service client"
95.160.15.155 - - [16/Jul/2014:23:41:16 +0200] "GET /around?pc=rajskich+ogrod%C3%B3w%2C+zalesie+g%C3%B3rne%2C+gmina+piaseczno%2C+polska HTTP/1.1" 200 4644 "http://vps82673.ovh.net/around?pc=zielonych+%C5%BCabek%2C+zalesie+g%C3%B3rne%2C+gmina+piaseczno%2C+polska" "Mozilla/5.0 (Windows NT 6.3; WOW64) AppleWebKit/537.36 (KHTML, like Gecko) Chrome/35.0.1916.153 Safari/537.36"
95.160.15.155 - - [16/Jul/2014:23:41:16 +0200] "GET /js/validation_rules.js?390429 HTTP/1.1" 200 107 "http://vps82673.ovh.net/around?pc=rajskich+ogrod%C3%B3w%2C+zalesie+g%C3%B3rne%2C+gmina+piaseczno%2C+polska" "Mozilla/5.0 (Windows NT 6.3; WOW64) AppleWebKit/537.36 (KHTML, like Gecko) Chrome/35.0.1916.153 Safari/537.36"
95.160.15.155 - - [16/Jul/2014:23:41:16 +0200] "GET /js/translation_strings.en-gb.js?390429 HTTP/1.1" 200 632 "http://vps82673.ovh.net/around?pc=rajskich+ogrod%C3%B3w%2C+zalesie+g%C3%B3rne%2C+gmina+piaseczno%2C+polska" "Mozilla/5.0 (Windows NT 6.3; WOW64) AppleWebKit/537.36 (KHTML, like Gecko) Chrome/35.0.1916.153 Safari/537.36"
95.160.15.155 - - [16/Jul/2014:23:41:17 +0200] "GET /ajax?bbox=20.990358722077,52.029424785257,21.019669902191,52.037912850499 HTTP/1.1" 200 147 "http://vps82673.ovh.net/around?pc=rajskich+ogrod%C3%B3w%2C+zalesie+g%C3%B3rne%2C+gmina+piaseczno%2C+polska" "Mozilla/5.0 (Windows NT 6.3; WOW64) AppleWebKit/537.36 (KHTML, like Gecko) Chrome/35.0.1916.153 Safari/537.36"
95.160.15.155 - - [16/Jul/2014:23:41:18 +0200] "GET /ajax?bbox=20.996860396729,52.026771109221,21.026171576843,52.035259678197 HTTP/1.1" 200 147 "http://vps82673.ovh.net/around?pc=rajskich+ogrod%C3%B3w%2C+zalesie+g%C3%B3rne%2C+gmina+piaseczno%2C+polska" "Mozilla/5.0 (Windows NT 6.3; WOW64) AppleWebKit/537.36 (KHTML, like Gecko) Chrome/35.0.1916.153 Safari/537.36"
95.160.15.155 - - [16/Jul/2014:23:41:20 +0200] "GET /ajax?bbox=20.977484118805,52.022526220418,21.036106479035,52.0395033584 HTTP/1.1" 200 147 "http://vps82673.ovh.net/around?pc=rajskich+ogrod%C3%B3w%2C+zalesie+g%C3%B3rne%2C+gmina+piaseczno%2C+polska" "Mozilla/5.0 (Windows NT 6.3; WOW64) AppleWebKit/537.36 (KHTML, like Gecko) Chrome/35.0.1916.153 Safari/537.36"
95.160.15.155 - - [16/Jul/2014:23:41:21 +0200] "GET /ajax?bbox=20.938731562959,52.014035234108,21.055976283417,52.047989510312 HTTP/1.1" 200 147 "http://vps82673.ovh.net/around?pc=rajskich+ogrod%C3%B3w%2C+zalesie+g%C3%B3rne%2C+gmina+piaseczno%2C+polska" "Mozilla/5.0 (Windows NT 6.3; WOW64) AppleWebKit/537.36 (KHTML, like Gecko) Chrome/35.0.1916.153 Safari/537.36"
95.160.15.155 - - [16/Jul/2014:23:41:22 +0200] "GET /ajax?bbox=20.951434504853,52.006744641343,21.068679225311,52.040704451343 HTTP/1.1" 200 147 "http://vps82673.ovh.net/around?pc=rajskich+ogrod%C3%B3w%2C+zalesie+g%C3%B3rne%2C+gmina+piaseczno%2C+polska" "Mozilla/5.0 (Windows NT 6.3; WOW64) AppleWebKit/537.36 (KHTML, like Gecko) Chrome/35.0.1916.153 Safari/537.36"
95.160.15.155 - - [16/Jul/2014:23:41:27 +0200] "GET /ajax?bbox=21.002503764497,52.004842552224,21.061126124727,52.021826402242 HTTP/1.1" 200 147 "http://vps82673.ovh.net/around?pc=rajskich+ogrod%C3%B3w%2C+zalesie+g%C3%B3rne%2C+gmina+piaseczno%2C+polska" "Mozilla/5.0 (Windows NT 6.3; WOW64) AppleWebKit/537.36 (KHTML, like Gecko) Chrome/35.0.1916.153 Safari/537.36"
95.160.15.155 - - [16/Jul/2014:23:41:28 +0200] "GET /ajax?bbox=21.004005801546,51.999003690455,21.062628161776,52.015989756325 HTTP/1.1" 200 147 "http://vps82673.ovh.net/around?pc=rajskich+ogrod%C3%B3w%2C+zalesie+g%C3%B3rne%2C+gmina+piaseczno%2C+polska" "Mozilla/5.0 (Windows NT 6.3; WOW64) AppleWebKit/537.36 (KHTML, like Gecko) Chrome/35.0.1916.153 Safari/537.36"
95.160.15.155 - - [16/Jul/2014:23:41:31 +0200] "GET /ajax?bbox=21.009327304231,51.991208547772,21.067949664461,52.008197571628 HTTP/1.1" 200 147 "http://vps82673.ovh.net/around?pc=rajskich+ogrod%C3%B3w%2C+zalesie+g%C3%B3rne%2C+gmina+piaseczno%2C+polska" "Mozilla/5.0 (Windows NT 6.3; WOW64) AppleWebKit/537.36 (KHTML, like Gecko) Chrome/35.0.1916.153 Safari/537.36"
95.160.15.155 - - [16/Jul/2014:23:41:33 +0200] "GET /ajax?bbox=21.009370219576,51.987587969154,21.067992579806,52.004578366786 HTTP/1.1" 200 147 "http://vps82673.ovh.net/around?pc=rajskich+ogrod%C3%B3w%2C+zalesie+g%C3%B3rne%2C+gmina+piaseczno%2C+polska" "Mozilla/5.0 (Windows NT 6.3; WOW64) AppleWebKit/537.36 (KHTML, like Gecko) Chrome/35.0.1916.153 Safari/537.36"
95.160.15.155 - - [16/Jul/2014:23:41:36 +0200] "GET /ajax?bbox=21.007825267184,51.99149923847,21.066447627414,52.008488152024 HTTP/1.1" 200 147 "http://vps82673.ovh.net/around?pc=rajskich+ogrod%C3%B3w%2C+zalesie+g%C3%B3rne%2C+gmina+piaseczno%2C+polska" "Mozilla/5.0 (Windows NT 6.3; WOW64) AppleWebKit/537.36 (KHTML, like Gecko) Chrome/35.0.1916.153 Safari/537.36"
95.160.15.155 - - [16/Jul/2014:23:41:37 +0200] "GET /ajax?bbox=21.006409060823,51.994009670515,21.065031421053,52.010997631477 HTTP/1.1" 200 147 "http://vps82673.ovh.net/around?pc=rajskich+ogrod%C3%B3w%2C+zalesie+g%C3%B3rne%2C+gmina+piaseczno%2C+polska" "Mozilla/5.0 (Windows NT 6.3; WOW64) AppleWebKit/537.36 (KHTML, like Gecko) Chrome/35.0.1916.153 Safari/537.36"
95.160.15.155 - - [16/Jul/2014:23:41:41 +0200] "GET /ajax?bbox=21.006366145479,51.994670287134,21.064988505709,52.011657997418 HTTP/1.1" 200 147 "http://vps82673.ovh.net/around?pc=rajskich+ogrod%C3%B3w%2C+zalesie+g%C3%B3rne%2C+gmina+piaseczno%2C+polska" "Mozilla/5.0 (Windows NT 6.3; WOW64) AppleWebKit/537.36 (KHTML, like Gecko) Chrome/35.0.1916.153 Safari/537.36"
92.222.172.226 - - [16/Jul/2014:23:41:56 +0200] "GET /fakemapit/point/4326/21.009735,52.033339 HTTP/1.1" 200 51 "-" "MaPit.pm web service client"
95.160.15.155 - - [16/Jul/2014:23:41:56 +0200] "GET /report/new?longitude=21.009735&latitude=52.033339&pc=rajskich+ogrod%C3%B3w%2C+zalesie+g%C3%B3rne%2C+gmina+piaseczno%2C+polska&skipped=1 HTTP/1.1" 200 3107 "http://vps82673.ovh.net/around?pc=rajskich+ogrod%C3%B3w%2C+zalesie+g%C3%B3rne%2C+gmina+piaseczno%2C+polska" "Mozilla/5.0 (Windows NT 6.3; WOW64) AppleWebKit/537.36 (KHTML, like Gecko) Chrome/35.0.1916.153 Safari/537.36"
95.160.15.155 - - [16/Jul/2014:23:41:56 +0200] "GET /js/validation_rules.js?390429 HTTP/1.1" 200 107 "http://vps82673.ovh.net/report/new?longitude=21.009735&latitude=52.033339&pc=rajskich+ogrod%C3%B3w%2C+zalesie+g%C3%B3rne%2C+gmina+piaseczno%2C+polska&skipped=1" "Mozilla/5.0 (Windows NT 6.3; WOW64) AppleWebKit/537.36 (KHTML, like Gecko) Chrome/35.0.1916.153 Safari/537.36"
95.160.15.155 - - [16/Jul/2014:23:41:56 +0200] "GET /js/translation_strings.en-gb.js?390429 HTTP/1.1" 200 632 "http://vps82673.ovh.net/report/new?longitude=21.009735&latitude=52.033339&pc=rajskich+ogrod%C3%B3w%2C+zalesie+g%C3%B3rne%2C+gmina+piaseczno%2C+polska&skipped=1" "Mozilla/5.0 (Windows NT 6.3; WOW64) AppleWebKit/537.36 (KHTML, like Gecko) Chrome/35.0.1916.153 Safari/537.36"
95.160.15.155 - - [16/Jul/2014:23:42:18 +0200] "GET /around?pc=polna%2C+zalesie+g%C3%B3rne%2C+gmina+piaseczno%2C+polska HTTP/1.1" 200 1919 "http://vps82673.ovh.net/around?pc=zielonych+%C5%BCabek%2C+zalesie+g%C3%B3rne%2C+gmina+piaseczno%2C+polska" "Mozilla/5.0 (Windows NT 6.3; WOW64) AppleWebKit/537.36 (KHTML, like Gecko) Chrome/35.0.1916.153 Safari/537.36"
95.160.15.155 - - [16/Jul/2014:23:42:18 +0200] "GET /js/validation_rules.js?390429 HTTP/1.1" 200 107 "http://vps82673.ovh.net/around?pc=polna%2C+zalesie+g%C3%B3rne%2C+gmina+piaseczno%2C+polska" "Mozilla/5.0 (Windows NT 6.3; WOW64) AppleWebKit/537.36 (KHTML, like Gecko) Chrome/35.0.1916.153 Safari/537.36"
95.160.15.155 - - [16/Jul/2014:23:42:18 +0200] "GET /js/translation_strings.en-gb.js?390429 HTTP/1.1" 200 632 "http://vps82673.ovh.net/around?pc=polna%2C+zalesie+g%C3%B3rne%2C+gmina+piaseczno%2C+polska" "Mozilla/5.0 (Windows NT 6.3; WOW64) AppleWebKit/537.36 (KHTML, like Gecko) Chrome/35.0.1916.153 Safari/537.36"
95.160.15.155 - - [16/Jul/2014:23:42:44 +0200] "GET /around?pc=polarnej+zo%C5%BCy%2C+zalesie+g%C3%B3rne%2C+gmina+piaseczno%2C+polska HTTP/1.1" 200 1668 "http://vps82673.ovh.net/around?pc=polna%2C+zalesie+g%C3%B3rne%2C+gmina+piaseczno%2C+polska" "Mozilla/5.0 (Windows NT 6.3; WOW64) AppleWebKit/537.36 (KHTML, like Gecko) Chrome/35.0.1916.153 Safari/537.36"
95.160.15.155 - - [16/Jul/2014:23:42:44 +0200] "GET /js/validation_rules.js?390429 HTTP/1.1" 200 107 "http://vps82673.ovh.net/around?pc=polarnej+zo%C5%BCy%2C+zalesie+g%C3%B3rne%2C+gmina+piaseczno%2C+polska" "Mozilla/5.0 (Windows NT 6.3; WOW64) AppleWebKit/537.36 (KHTML, like Gecko) Chrome/35.0.1916.153 Safari/537.36"
95.160.15.155 - - [16/Jul/2014:23:42:44 +0200] "GET /js/translation_strings.en-gb.js?390429 HTTP/1.1" 200 632 "http://vps82673.ovh.net/around?pc=polarnej+zo%C5%BCy%2C+zalesie+g%C3%B3rne%2C+gmina+piaseczno%2C+polska" "Mozilla/5.0 (Windows NT 6.3; WOW64) AppleWebKit/537.36 (KHTML, like Gecko) Chrome/35.0.1916.153 Safari/537.36"
95.160.15.155 - - [16/Jul/2014:23:42:49 +0200] "GET /around?pc=polarnej+zorzy%2C+zalesie+g%C3%B3rne%2C+gmina+piaseczno%2C+polska HTTP/1.1" 200 1658 "http://vps82673.ovh.net/around?pc=polarnej+zo%C5%BCy%2C+zalesie+g%C3%B3rne%2C+gmina+piaseczno%2C+polska" "Mozilla/5.0 (Windows NT 6.3; WOW64) AppleWebKit/537.36 (KHTML, like Gecko) Chrome/35.0.1916.153 Safari/537.36"
95.160.15.155 - - [16/Jul/2014:23:42:49 +0200] "GET /js/validation_rules.js?390429 HTTP/1.1" 200 107 "http://vps82673.ovh.net/around?pc=polarnej+zorzy%2C+zalesie+g%C3%B3rne%2C+gmina+piaseczno%2C+polska" "Mozilla/5.0 (Windows NT 6.3; WOW64) AppleWebKit/537.36 (KHTML, like Gecko) Chrome/35.0.1916.153 Safari/537.36"
95.160.15.155 - - [16/Jul/2014:23:42:49 +0200] "GET /js/translation_strings.en-gb.js?390429 HTTP/1.1" 200 632 "http://vps82673.ovh.net/around?pc=polarnej+zorzy%2C+zalesie+g%C3%B3rne%2C+gmina+piaseczno%2C+polska" "Mozilla/5.0 (Windows NT 6.3; WOW64) AppleWebKit/537.36 (KHTML, like Gecko) Chrome/35.0.1916.153 Safari/537.36"
95.160.15.155 - - [16/Jul/2014:23:42:57 +0200] "GET /reports HTTP/1.1" 200 1914 "http://vps82673.ovh.net/around?pc=polarnej+zorzy%2C+zalesie+g%C3%B3rne%2C+gmina+piaseczno%2C+polska" "Mozilla/5.0 (Windows NT 6.3; WOW64) AppleWebKit/537.36 (KHTML, like Gecko) Chrome/35.0.1916.153 Safari/537.36"
95.160.15.155 - - [16/Jul/2014:23:42:57 +0200] "GET /js/validation_rules.js?390429 HTTP/1.1" 200 107 "http://vps82673.ovh.net/reports" "Mozilla/5.0 (Windows NT 6.3; WOW64) AppleWebKit/537.36 (KHTML, like Gecko) Chrome/35.0.1916.153 Safari/537.36"
95.160.15.155 - - [16/Jul/2014:23:42:57 +0200] "GET /js/translation_strings.en-gb.js?390429 HTTP/1.1" 200 632 "http://vps82673.ovh.net/reports" "Mozilla/5.0 (Windows NT 6.3; WOW64) AppleWebKit/537.36 (KHTML, like Gecko) Chrome/35.0.1916.153 Safari/537.36"
95.160.15.155 - - [16/Jul/2014:23:42:57 +0200] "GET /cobrands/fixmystreet/images/google_play_logo.png HTTP/1.1" 304 0 "http://vps82673.ovh.net/reports" "Mozilla/5.0 (Windows NT 6.3; WOW64) AppleWebKit/537.36 (KHTML, like Gecko) Chrome/35.0.1916.153 Safari/537.36"
95.160.15.155 - - [16/Jul/2014:23:42:57 +0200] "GET /cobrands/fixmystreet/images/itunes_store_logo.png HTTP/1.1" 304 0 "http://vps82673.ovh.net/reports" "Mozilla/5.0 (Windows NT 6.3; WOW64) AppleWebKit/537.36 (KHTML, like Gecko) Chrome/35.0.1916.153 Safari/537.36"
95.160.15.155 - - [16/Jul/2014:23:42:57 +0200] "GET /i/pin-green.png HTTP/1.1" 304 0 "http://vps82673.ovh.net/reports" "Mozilla/5.0 (Windows NT 6.3; WOW64) AppleWebKit/537.36 (KHTML, like Gecko) Chrome/35.0.1916.153 Safari/537.36"
95.160.15.155 - - [16/Jul/2014:23:42:59 +0200] "GET /my HTTP/1.1" 302 312 "http://vps82673.ovh.net/reports" "Mozilla/5.0 (Windows NT 6.3; WOW64) AppleWebKit/537.36 (KHTML, like Gecko) Chrome/35.0.1916.153 Safari/537.36"
95.160.15.155 - - [16/Jul/2014:23:42:59 +0200] "GET /auth?r=my HTTP/1.1" 200 1822 "http://vps82673.ovh.net/reports" "Mozilla/5.0 (Windows NT 6.3; WOW64) AppleWebKit/537.36 (KHTML, like Gecko) Chrome/35.0.1916.153 Safari/537.36"
95.160.15.155 - - [16/Jul/2014:23:42:59 +0200] "GET /js/validation_rules.js?390429 HTTP/1.1" 200 107 "http://vps82673.ovh.net/auth?r=my" "Mozilla/5.0 (Windows NT 6.3; WOW64) AppleWebKit/537.36 (KHTML, like Gecko) Chrome/35.0.1916.153 Safari/537.36"
95.160.15.155 - - [16/Jul/2014:23:42:59 +0200] "GET /js/translation_strings.en-gb.js?390429 HTTP/1.1" 200 632 "http://vps82673.ovh.net/auth?r=my" "Mozilla/5.0 (Windows NT 6.3; WOW64) AppleWebKit/537.36 (KHTML, like Gecko) Chrome/35.0.1916.153 Safari/537.36"
95.160.15.155 - - [16/Jul/2014:23:43:00 +0200] "GET / HTTP/1.1" 200 2337 "http://vps82673.ovh.net/auth?r=my" "Mozilla/5.0 (Windows NT 6.3; WOW64) AppleWebKit/537.36 (KHTML, like Gecko) Chrome/35.0.1916.153 Safari/537.36"
95.160.15.155 - - [16/Jul/2014:23:43:00 +0200] "GET /js/validation_rules.js?390429 HTTP/1.1" 200 107 "http://vps82673.ovh.net/" "Mozilla/5.0 (Windows NT 6.3; WOW64) AppleWebKit/537.36 (KHTML, like Gecko) Chrome/35.0.1916.153 Safari/537.36"
95.160.15.155 - - [16/Jul/2014:23:43:00 +0200] "GET /js/translation_strings.en-gb.js?390429 HTTP/1.1" 200 632 "http://vps82673.ovh.net/" "Mozilla/5.0 (Windows NT 6.3; WOW64) AppleWebKit/537.36 (KHTML, like Gecko) Chrome/35.0.1916.153 Safari/537.36"
95.160.15.155 - - [16/Jul/2014:23:43:01 +0200] "GET /cobrands/fixmystreet/images/sprite.png HTTP/1.1" 304 0 "http://vps82673.ovh.net/" "Mozilla/5.0 (Windows NT 6.3; WOW64) AppleWebKit/537.36 (KHTML, like Gecko) Chrome/35.0.1916.153 Safari/537.36"
15.227.185.73 - - [17/Jul/2014:16:01:24 +0200] "GET / HTTP/1.1" 200 2336 "-" "Mozilla/5.0 (Windows NT 6.2; WOW64) AppleWebKit/537.36 (KHTML, like Gecko) Chrome/35.0.1916.153 Safari/537.36"
15.227.185.73 - - [17/Jul/2014:16:01:24 +0200] "GET /cobrands/default/layout.css?1405542677 HTTP/1.1" 200 4884 "http://vps82673.ovh.net/" "Mozilla/5.0 (Windows NT 6.2; WOW64) AppleWebKit/537.36 (KHTML, like Gecko) Chrome/35.0.1916.153 Safari/537.36"
15.227.185.73 - - [17/Jul/2014:16:01:24 +0200] "GET /cobrands/default/base.css?1405542676 HTTP/1.1" 200 18193 "http://vps82673.ovh.net/" "Mozilla/5.0 (Windows NT 6.2; WOW64) AppleWebKit/537.36 (KHTML, like Gecko) Chrome/35.0.1916.153 Safari/537.36"
15.227.185.73 - - [17/Jul/2014:16:01:24 +0200] "GET /cobrands/fixmystreet/position_map.js?1405542555 HTTP/1.1" 200 291 "http://vps82673.ovh.net/" "Mozilla/5.0 (Windows NT 6.2; WOW64) AppleWebKit/537.36 (KHTML, like Gecko) Chrome/35.0.1916.153 Safari/537.36"
15.227.185.73 - - [17/Jul/2014:16:01:24 +0200] "GET /js/modernizr.custom.js?1405542555 HTTP/1.1" 200 3680 "http://vps82673.ovh.net/" "Mozilla/5.0 (Windows NT 6.2; WOW64) AppleWebKit/537.36 (KHTML, like Gecko) Chrome/35.0.1916.153 Safari/537.36"
15.227.185.73 - - [17/Jul/2014:16:01:25 +0200] "GET /js/translation_strings.en-gb.js?390446 HTTP/1.1" 200 632 "http://vps82673.ovh.net/" "Mozilla/5.0 (Windows NT 6.2; WOW64) AppleWebKit/537.36 (KHTML, like Gecko) Chrome/35.0.1916.153 Safari/537.36"
15.227.185.73 - - [17/Jul/2014:16:01:25 +0200] "GET /js/validation_rules.js?390446 HTTP/1.1" 200 107 "http://vps82673.ovh.net/" "Mozilla/5.0 (Windows NT 6.2; WOW64) AppleWebKit/537.36 (KHTML, like Gecko) Chrome/35.0.1916.153 Safari/537.36"
